2026-04-21 11:45:25,807-my_handler_logger-DEBUG-This is a debug message-
2026-04-21 11:45:25,819-my_handler_logger-INFO-This is an info message-
2026-04-21 11:45:25,828-my_handler_logger-WARNING-This is a warning message-
2026-04-21 11:45:25,838-my_handler_logger-ERROR-This is an error message-
2026-04-21 11:45:25,848-my_handler_logger-CRITICAL-This is a critical message-
2026-04-21 11:48:00,106-my_handler_logger-DEBUG-This is a debug message-
2026-04-21 11:48:00,106-my_handler_logger-DEBUG-This is a debug message-
2026-04-21 11:48:00,124-my_handler_logger-INFO-This is an info message-
2026-04-21 11:48:00,124-my_handler_logger-INFO-This is an info message-
2026-04-21 11:48:00,141-my_handler_logger-WARNING-This is a warning message-
2026-04-21 11:48:00,141-my_handler_logger-WARNING-This is a warning message-
2026-04-21 11:48:00,155-my_handler_logger-ERROR-This is an error message-
2026-04-21 11:48:00,155-my_handler_logger-ERROR-This is an error message-
2026-04-21 11:48:00,182-my_handler_logger-CRITICAL-This is a critical message-
2026-04-21 11:48:00,182-my_handler_logger-CRITICAL-This is a critical message-
2026-04-21 11:48:21,474-my_handler_logger-DEBUG-This is a debug message-
2026-04-21 11:48:21,474-my_handler_logger-DEBUG-This is a debug message-
2026-04-21 11:48:21,474-my_handler_logger-DEBUG-This is a debug message-
2026-04-21 11:48:21,489-my_handler_logger-INFO-This is an info message-
2026-04-21 11:48:21,489-my_handler_logger-INFO-This is an info message-
2026-04-21 11:48:21,489-my_handler_logger-INFO-This is an info message-
2026-04-21 11:48:21,504-my_handler_logger-WARNING-This is a warning message-
2026-04-21 11:48:21,504-my_handler_logger-WARNING-This is a warning message-
2026-04-21 11:48:21,504-my_handler_logger-WARNING-This is a warning message-
2026-04-21 11:48:21,515-my_handler_logger-ERROR-This is an error message-
2026-04-21 11:48:21,515-my_handler_logger-ERROR-This is an error message-
2026-04-21 11:48:21,515-my_handler_logger-ERROR-This is an error message-
2026-04-21 11:48:21,532-my_handler_logger-CRITICAL-This is a critical message-
2026-04-21 11:48:21,532-my_handler_logger-CRITICAL-This is a critical message-
2026-04-21 11:48:21,532-my_handler_logger-CRITICAL-This is a critical message-
